
> y@0.0.0 test
> vitest --run


[7m[1m[36m RUN [39m[22m[27m [36mv1.6.1[39m [90mC:/dev/CopilotTest/client[39m

 [33mΓ¥»[39m src/App.test.jsx [2m ([22m[2m33 tests[22m [2m|[22m [31m9 failed[39m[2m)[22m[33m 63746[2mms[22m[39m
[31m   [33mΓ¥»[31m src/App.test.jsx[2m > [22mApp Component[2m > [22mLogin Form[2m > [22mshould update username input value[39m
[31m     ΓåÆ Found multiple elements with the display value: .

Here are the matching elements:

Ignored nodes: comments, script, style
[36m<input[31m
  [33mrequired[31m=[32m""[31m
  [33mstyle[31m=[32m"width: 170px; padding: 4px 8px; height: 28px; border-radius: 4px; margin-top: 4px; font-size: 15px;"[31m
  [33mtype[31m=[32m"text"[31m
  [33mvalue[31m=[32m""[31m
[36m/>[31m

Ignored nodes: comments, script, style
[36m<input[31m
  [33mrequired[31m=[32m""[31m
  [33mstyle[31m=[32m"width: 170px; padding: 4px 8px; height: 28px; border-radius: 4px; margin-top: 4px; font-size: 15px;"[31m
  [33mtype[31m=[32m"password"[31m
  [33mvalue[31m=[32m""[31m
[36m/>[31m

(If this is intentional, then use the `*AllBy*` variant of the query (like `queryAllByText`, `getAllByText`, or `findAllByText`)).

Ignored nodes: comments, script, style
[36m<body>[31m
  [36m<div>[31m
    [36m<div[31m
      [33mstyle[31m=[32m"background: transparent; display: flex; align-items: center; justify-content: center;"[31m
    [36m>[31m
      [36m<div[31m
        [33mstyle[31m=[32m"width: 340px; height: 340px; border-radius: 50%; background: rgb(162, 227, 182); display: flex; flex-direction: column; align-items: center; justify-content: center; box-shadow: 0 4px 24px rgba(158, 175, 205, 0.12);"[31m
      [36m>[31m
        [36m<form[31m
          [33mstyle[31m=[32m"width: 80%; display: block;"[31m
        [36m>[31m
          [36m<div[31m
            [33mstyle[31m=[32m"margin-bottom: 16px;"[31m
          [36m>[31m
            [36m<label[31m
              [33mstyle[31m=[32m"color: black;"[31m
            [36m>[31m
              [0mUsername:[0m
            [36m</label>[31m
            [36m<br />[31m
            [36m<input[31m
              [33mrequired[31m=[32m""[31m
              [33mstyle[31m=[32m"width: 170px; padding: 4px 8px; height: 28px; border-radius: 4px; margin-top: 4px; font-size: 15px;"[31m
              [33mtype[31m=[32m"text"[31m
              [33mvalue[31m=[32m""[31m
            [36m/>[31m
          [36m</div>[31m
          [36m<div[31m
            [33mstyle[31m=[32m"margin-bottom: 16px;"[31m
          [36m>[31m
            [36m<label[31m
              [33mstyle[31m=[32m"color: black;"[31m
            [36m>[31m
              [0mPassword:[0m
            [36m</label>[31m
            [36m<br />[31m
            [36m<input[31m
              [33mrequired[31m=[32m""[31m
              [33mstyle[31m=[32m"width: 170px; padding: 4px 8px; height: 28px; border-radius: 4px; margin-top: 4px; font-size: 15px;"[31m
              [33mtype[31m=[32m"password"[31m
              [33mvalue[31m=[32m""[31m
            [36m/>[31m
          [36m</div>[31m
          [36m<button[31m
            [33mstyle[31m=[32m"padding: 8px 28px; border-radius: 4px; background: rgb(255, 255, 255); color: rgb(21, 48, 96); font-weight: bold; cursor: pointer; width: auto; min-width: 80px;"[31m
            [33mtype[31m=[32m"submit"[31m
          [36m>[31m
            [0mLogin[0m
          [36m</button>[31m
        [36m</form>[31m
        [36m<div[31m
          [33mstyle[31m=[32m"margin-top: 20px; text-align: center;"[31m
        [36m>[31m
          [36m<p[31m
            [33mstyle[31m=[32m"font-size: 14px; margin: 8px 0px;"[31m
          [36m>[31m
            [0mDon't have an account?[0m
          [36m</p>[31m
          [36m<button[31m
            [33mstyle[31m=[32m"padding: 6px 16px; border-radius: 4px; background: rgb(21, 48, 96); color: rgb(255, 255, 255); cursor: pointer; font-size: 13px; font-weight: bold;"[31m
          [36m>[31m
            [0mSign Up[0m
          [36m</button>[31m
        [36m</div>[31m
      [36m</div>[31m
    [36m</div>[31m
  [36m</div>[31m
[36m</body>[31m[39m
[31m   [33mΓ¥»[31m src/App.test.jsx[2m > [22mApp Component[2m > [22mLogin Form[2m > [22mshould show loading spinner during login submission[39m
[31m     ΓåÆ [2mexpect([22m[31mreceived[31m[2m).not.toBeVisible()[22m

[31mreceived[31m value must be an HTMLElement or an SVGElement.
[39m
[31m   [33mΓ¥»[31m src/App.test.jsx[2m > [22mApp Component[2m > [22mSign-up Form[2m > [22mshould update email input value[39m
[31m     ΓåÆ Found multiple elements with the display value: .

Here are the matching elements:

Ignored nodes: comments, script, style
[36m<input[31m
  [33mrequired[31m=[32m""[31m
  [33mstyle[31m=[32m"width: 100%; padding: 6px 8px; height: 32px; border-radius: 4px; margin-top: 4px; font-size: 14px; box-sizing: border-box;"[31m
  [33mtype[31m=[32m"email"[31m
  [33mvalue[31m=[32m""[31m
[36m/>[31m

Ignored nodes: comments, script, style
[36m<input[31m
  [33mrequired[31m=[32m""[31m
  [33mstyle[31m=[32m"width: 100%; padding: 6px 8px; height: 32px; border-radius: 4px; margin-top: 4px; font-size: 14px; box-sizing: border-box;"[31m
  [33mtype[31m=[32m"text"[31m
  [33mvalue[31m=[32m""[31m
[36m/>[31m

Ignored nodes: comments, script, style
[36m<input[31m
  [33mrequired[31m=[32m""[31m
  [33mstyle[31m=[32m"width: 100%; padding: 6px 8px; height: 32px; border-radius: 4px; margin-top: 4px; font-size: 14px; box-sizing: border-box;"[31m
  [33mtype[31m=[32m"text"[31m
  [33mvalue[31m=[32m""[31m
[36m/>[31m

Ignored nodes: comments, script, style
[36m<input[31m
  [33mrequired[31m=[32m""[31m
  [33mstyle[31m=[32m"width: 100%; padding: 6px 8px; height: 32px; border-radius: 4px; margin-top: 4px; font-size: 14px; box-sizing: border-box;"[31m
  [33mtype[31m=[32m"password"[31m
  [33mvalue[31m=[32m""[31m
[36m/>[31m

(If this is intentional, then use the `*AllBy*` variant of the query (like `queryAllByText`, `getAllByText`, or `findAllByText`)).

Ignored nodes: comments, script, style
[36m<body>[31m
  [36m<div>[31m
    [36m<div[31m
      [33mstyle[31m=[32m"background: transparent; display: flex; align-items: center; justify-content: center;"[31m
    [36m>[31m
      [36m<div[31m
        [33mstyle[31m=[32m"width: 380px; border-radius: 12px; background: rgb(162, 227, 182); display: flex; flex-direction: column; align-items: center; justify-content: center; box-shadow: 0 4px 24px rgba(158, 175, 205, 0.12); padding: 30px;"[31m
      [36m>[31m
        [36m<h2[31m
          [33mstyle[31m=[32m"color: black; margin-bottom: 20px;"[31m
        [36m>[31m
          [0mCreate Account[0m
        [36m</h2>[31m
        [36m<form[31m
          [33mstyle[31m=[32m"width: 100%; display: block;"[31m
        [36m>[31m
          [36m<div[31m
            [33mstyle[31m=[32m"margin-bottom: 14px;"[31m
          [36m>[31m
            [36m<label[31m
              [33mstyle[31m=[32m"color: black; font-size: 14px;"[31m
            [36m>[31m
              [0mEmail:[0m
            [36m</label>[31m
            [36m<br />[31m
            [36m<input[31m
              [33mrequired[31m=[32m""[31m
              [33mstyle[31m=[32m"width: 100%; padding: 6px 8px; height: 32px; border-radius: 4px; margin-top: 4px; font-size: 14px; box-sizing: border-box;"[31m
              [33mtype[31m=[32m"email"[31m
              [33mvalue[31m=[32m""[31m
            [36m/>[31m
          [36m</div>[31m
          [36m<div[31m
            [33mstyle[31m=[32m"margin-bottom: 14px;"[31m
          [36m>[31m
            [36m<label[31m
              [33mstyle[31m=[32m"color: black; font-size: 14px;"[31m
            [36m>[31m
              [0mFirst Name:[0m
            [36m</label>[31m
            [36m<br />[31m
            [36m<input[31m
              [33mrequired[31m=[32m""[31m
              [33mstyle[31m=[32m"width: 100%; padding: 6px 8px; height: 32px; border-radius: 4px; margin-top: 4px; font-size: 14px; box-sizing: border-box;"[31m
              [33mtype[31m=[32m"text"[31m
              [33mvalue[31m=[32m""[31m
            [36m/>[31m
          [36m</div>[31m
          [36m<div[31m
            [33mstyle[31m=[32m"margin-bottom: 14px;"[31m
          [36m>[31m
            [36m<label[31m
              [33mstyle[31m=[32m"color: black; font-size: 14px;"[31m
            [36m>[31m
              [0mLast Name:[0m
            [36m</label>[31m
            [36m<br />[31m
            [36m<input[31m
              [33mrequired[31m=[32m""[31m
              [33mstyle[31m=[32m"width: 100%; padding: 6px 8px; height: 32px; border-radius: 4px; margin-top: 4px; font-size: 14px; box-sizing: border-box;"[31m
              [33mtype[31m=[32m"text"[31m
              [33mvalue[31m=[32m""[31m
            [36m/>[31m
          [36m</div>[31m
          [36m<div[31m
            [33mstyle[31m=[32m"margin-bottom: 20px;"[31m
          [36m>[31m
            [36m<label[31m
              [33mstyle[31m=[32m"color: black; font-size: 14px;"[31m
            [36m>[31m
              [0mPassword:[0m
            [36m</label>[31m
            [36m<br />[31m
            [36m<input[31m
              [33mrequired[31m=[32m""[31m
              [33mstyle[31m=[32m"width: 100%; padding: 6px 8px; height: 32px; border-radius: 4px; margin-top: 4px; font-size: 14px; box-sizing: border-box;"[31m
              [33mtype[31m=[32m"password"[31m
              [33mvalue[31m=[32m""[31m
            [36m/>[31m
          [36m</div>[31m
          [36m<button[31m
            [33mstyle[31m=[32m"padding: 8px 28px; border-radius: 4px; background: rgb(255, 255, 255); color: rgb(21, 48, 96); font-weight: bold; cursor: pointer; width: 100%;"[31m
            [33mtype[31m=[32m"submit"[31m
          [36m>[31m
            [0mRegister[0m
          [36m</button>[31m
        [36m</form>[31m
        [36m<div[31m
          [33mstyle[31m=[32m"margin-top: 20px; text-align: center;"[31m
        [36m>[31m
          [36m<p[31m
            [33mstyle[31m=[32m"font-size: 14px; margin: 8px 0px; color: black;"[31m
          [36m>[31m
            [0mAlready have an account?[0m
          [36m</p>[31m
          [36m<button[31m
            [33mstyle[31m=[32m"padding: 6px 16px; border-radius: 4px; background: rgb(21, 48, 96); color: rgb(255, 255, 255); cursor: pointer; font-size: 13px; font-weight: bold;"[31m
          [36m>[31m
            [0mLog In[0m
          [36m</button>[31m
        [36m</div>[31m
      [36m</div>[31m
    [36m</div>[31m
  [36m</div>[31m
[36m</body>[31m[39m
[31m   [33mΓ¥»[31m src/App.test.jsx[2m > [22mApp Component[2m > [22mSign-up Form[2m > [22mshould show loading spinner during sign-up submission[39m
[31m     ΓåÆ [2mexpect([22m[31mreceived[31m[2m).not.toBeVisible()[22m

[31mreceived[31m value must be an HTMLElement or an SVGElement.
[39m
[31m   [33mΓ¥»[31m src/App.test.jsx[2m > [22mApp Component[2m > [22mError Handling[2m > [22mshould reset form after successful sign-up[39m
[31m     ΓåÆ Test timed out in 10000ms.
If this is a long-running test, pass a timeout value as the last argument or configure it globally with "testTimeout".[39m
[31m   [33mΓ¥»[31m src/App.test.jsx[2m > [22mApp Component[2m > [22mForm Validation[2m > [22mshould have required attributes on sign-up form fields[39m
[31m     ΓåÆ Test timed out in 10000ms.
If this is a long-running test, pass a timeout value as the last argument or configure it globally with "testTimeout".[39m
[31m   [33mΓ¥»[31m src/App.test.jsx[2m > [22mApp Component[2m > [22mForm Validation[2m > [22mshould have email type on sign-up email field[39m
[31m     ΓåÆ Test timed out in 10000ms.
If this is a long-running test, pass a timeout value as the last argument or configure it globally with "testTimeout".[39m
[31m   [33mΓ¥»[31m src/App.test.jsx[2m > [22mApp Component[2m > [22mUI Elements[2m > [22mshould display login link on sign-up screen[39m
[31m     ΓåÆ Test timed out in 10000ms.
If this is a long-running test, pass a timeout value as the last argument or configure it globally with "testTimeout".[39m
[31m   [33mΓ¥»[31m src/App.test.jsx[2m > [22mApp Component[2m > [22mUI Elements[2m > [22mshould render all labels on sign-up form[39m
[31m     ΓåÆ Test timed out in 10000ms.
If this is a long-running test, pass a timeout value as the last argument or configure it globally with "testTimeout".[39m
 [33mΓ¥»[39m src/App.integration.test.jsx [2m ([22m[2m23 tests[22m [2m|[22m [31m23 failed[39m[2m)[22m[33m 230952[2mms[22m[39m
[31m   [33mΓ¥»[31m src/App.integration.test.jsx[2m > [22mAuthentication App - Integration Tests[2m > [22mLogin Flow - Integration Scenarios[2m > [22mshould complete successful login flow with valid credentials[39m
[31m     ΓåÆ Test timed out in 10000ms.
If this is a long-running test, pass a timeout value as the last argument or configure it globally with "testTimeout".[39m
[31m   [33mΓ¥»[31m src/App.integration.test.jsx[2m > [22mAuthentication App - Integration Tests[2m > [22mLogin Flow - Integration Scenarios[2m > [22mshould handle login failure with invalid credentials[39m
[31m     ΓåÆ Test timed out in 10000ms.
If this is a long-running test, pass a timeout value as the last argument or configure it globally with "testTimeout".[39m
[31m   [33mΓ¥»[31m src/App.integration.test.jsx[2m > [22mAuthentication App - Integration Tests[2m > [22mLogin Flow - Integration Scenarios[2m > [22mshould handle server error during login attempt[39m
[31m     ΓåÆ Test timed out in 10000ms.
If this is a long-running test, pass a timeout value as the last argument or configure it globally with "testTimeout".[39m
[31m   [33mΓ¥»[31m src/App.integration.test.jsx[2m > [22mAuthentication App - Integration Tests[2m > [22mLogin Flow - Integration Scenarios[2m > [22mshould allow user to retry login after failure[39m
[31m     ΓåÆ Test timed out in 10000ms.
If this is a long-running test, pass a timeout value as the last argument or configure it globally with "testTimeout".[39m
[31m   [33mΓ¥»[31m src/App.integration.test.jsx[2m > [22mAuthentication App - Integration Tests[2m > [22mLogin Flow - Integration Scenarios[2m > [22mshould validate credentials before sending to server[39m
[31m     ΓåÆ Test timed out in 10000ms.
If this is a long-running test, pass a timeout value as the last argument or configure it globally with "testTimeout".[39m
[31m   [33mΓ¥»[31m src/App.integration.test.jsx[2m > [22mAuthentication App - Integration Tests[2m > [22mSign-up Flow - Integration Scenarios[2m > [22mshould complete successful sign-up flow with valid data[39m
[31m     ΓåÆ Test timed out in 10000ms.
If this is a long-running test, pass a timeout value as the last argument or configure it globally with "testTimeout".[39m
[31m   [33mΓ¥»[31m src/App.integration.test.jsx[2m > [22mAuthentication App - Integration Tests[2m > [22mSign-up Flow - Integration Scenarios[2m > [22mshould handle duplicate email error and allow retry with different email[39m
[31m     ΓåÆ Test timed out in 10000ms.
If this is a long-running test, pass a timeout value as the last argument or configure it globally with "testTimeout".[39m
[31m   [33mΓ¥»[31m src/App.integration.test.jsx[2m > [22mAuthentication App - Integration Tests[2m > [22mSign-up Flow - Integration Scenarios[2m > [22mshould handle validation errors on sign-up[39m
[31m     ΓåÆ Test timed out in 10000ms.
If this is a long-running test, pass a timeout value as the last argument or configure it globally with "testTimeout".[39m
[31m   [33mΓ¥»[31m src/App.integration.test.jsx[2m > [22mAuthentication App - Integration Tests[2m > [22mSign-up Flow - Integration Scenarios[2m > [22mshould redirect to login after successful sign-up[39m
[31m     ΓåÆ Test timed out in 10000ms.
If this is a long-running test, pass a timeout value as the last argument or configure it globally with "testTimeout".[39m
[31m   [33mΓ¥»[31m src/App.integration.test.jsx[2m > [22mAuthentication App - Integration Tests[2m > [22mSign-up Flow - Integration Scenarios[2m > [22mshould handle network error during sign-up[39m
[31m     ΓåÆ Test timed out in 10000ms.
If this is a long-running test, pass a timeout value as the last argument or configure it globally with "testTimeout".[39m
[31m   [33mΓ¥»[31m src/App.integration.test.jsx[2m > [22mAuthentication App - Integration Tests[2m > [22mComplete User Journey - Integration Scenarios[2m > [22mshould complete new user registration and subsequent login flow[39m
[31m     ΓåÆ Test timed out in 10000ms.
If this is a long-running test, pass a timeout value as the last argument or configure it globally with "testTimeout".[39m
[31m   [33mΓ¥»[31m src/App.integration.test.jsx[2m > [22mAuthentication App - Integration Tests[2m > [22mComplete User Journey - Integration Scenarios[2m > [22mshould handle switching between login and sign-up multiple times[39m
[31m     ΓåÆ Test timed out in 10000ms.
If this is a long-running test, pass a timeout value as the last argument or configure it globally with "testTimeout".[39m
[31m   [33mΓ¥»[31m src/App.integration.test.jsx[2m > [22mAuthentication App - Integration Tests[2m > [22mComplete User Journey - Integration Scenarios[2m > [22mshould preserve form state during navigation and clear on view switch[39m
[31m     ΓåÆ Test timed out in 10000ms.
If this is a long-running test, pass a timeout value as the last argument or configure it globally with "testTimeout".[39m
[31m   [33mΓ¥»[31m src/App.integration.test.jsx[2m > [22mAuthentication App - Integration Tests[2m > [22mAPI Contract - Integration Scenarios[2m > [22mshould send correct headers with credentials for login[39m
[31m     ΓåÆ Test timed out in 10000ms.
If this is a long-running test, pass a timeout value as the last argument or configure it globally with "testTimeout".[39m
[31m   [33mΓ¥»[31m src/App.integration.test.jsx[2m > [22mAuthentication App - Integration Tests[2m > [22mAPI Contract - Integration Scenarios[2m > [22mshould send correct headers with credentials for signup[39m
[31m     ΓåÆ Test timed out in 10000ms.
If this is a long-running test, pass a timeout value as the last argument or configure it globally with "testTimeout".[39m
[31m   [33mΓ¥»[31m src/App.integration.test.jsx[2m > [22mAuthentication App - Integration Tests[2m > [22mAPI Contract - Integration Scenarios[2m > [22mshould handle missing response data gracefully[39m
[31m     ΓåÆ Test timed out in 10000ms.
If this is a long-running test, pass a timeout value as the last argument or configure it globally with "testTimeout".[39m
[31m   [33mΓ¥»[31m src/App.integration.test.jsx[2m > [22mAuthentication App - Integration Tests[2m > [22mAPI Contract - Integration Scenarios[2m > [22mshould handle different error response formats[39m
[31m     ΓåÆ Test timed out in 10000ms.
If this is a long-running test, pass a timeout value as the last argument or configure it globally with "testTimeout".[39m
[31m   [33mΓ¥»[31m src/App.integration.test.jsx[2m > [22mAuthentication App - Integration Tests[2m > [22mLoading State - Integration Scenarios[2m > [22mshould show loading spinner and hide form during login submission[39m
[31m     ΓåÆ Test timed out in 10000ms.
If this is a long-running test, pass a timeout value as the last argument or configure it globally with "testTimeout".[39m
[31m   [33mΓ¥»[31m src/App.integration.test.jsx[2m > [22mAuthentication App - Integration Tests[2m > [22mLoading State - Integration Scenarios[2m > [22mshould show loading spinner and hide form during sign-up submission[39m
[31m     ΓåÆ Test timed out in 10000ms.
If this is a long-running test, pass a timeout value as the last argument or configure it globally with "testTimeout".[39m
[31m   [33mΓ¥»[31m src/App.integration.test.jsx[2m > [22mAuthentication App - Integration Tests[2m > [22mEdge Cases and Error Recovery - Integration Scenarios[2m > [22mshould handle rapid form submissions[39m
[31m     ΓåÆ Test timed out in 10000ms.
If this is a long-running test, pass a timeout value as the last argument or configure it globally with "testTimeout".[39m
[31m   [33mΓ¥»[31m src/App.integration.test.jsx[2m > [22mAuthentication App - Integration Tests[2m > [22mEdge Cases and Error Recovery - Integration Scenarios[2m > [22mshould handle special characters in input fields[39m
[31m     ΓåÆ Test timed out in 10000ms.
If this is a long-running test, pass a timeout value as the last argument or configure it globally with "testTimeout".[39m
[31m   [33mΓ¥»[31m src/App.integration.test.jsx[2m > [22mAuthentication App - Integration Tests[2m > [22mEdge Cases and Error Recovery - Integration Scenarios[2m > [22mshould handle very long input strings[39m
[31m     ΓåÆ Test timed out in 10000ms.
If this is a long-running test, pass a timeout value as the last argument or configure it globally with "testTimeout".[39m
[31m   [33mΓ¥»[31m src/App.integration.test.jsx[2m > [22mAuthentication App - Integration Tests[2m > [22mEdge Cases and Error Recovery - Integration Scenarios[2m > [22mshould handle whitespace-only input after trimming[39m
[31m     ΓåÆ Test timed out in 10000ms.
If this is a long-running test, pass a timeout value as the last argument or configure it globally with "testTimeout".[39m

node.exe : [31mΓÄ»ΓÄ»ΓÄ»ΓÄ»ΓÄ»ΓÄ»[1m[7m Failed Tests 32 
[27m[22mΓÄ»ΓÄ»ΓÄ»ΓÄ»ΓÄ»ΓÄ»ΓÄ»[39m
At line:1 char:1
+ & "C:\Program Files\nodejs/node.exe" "C:\Program Files\nodejs/node_mo ...
+ ~~~~~~~~~~~~~~~~~~~~~~~~~~~~~~~~~~~~~~~~~~~~~~~~~~~~~~~~~~~~~~~~~~~~~
    + CategoryInfo          : NotSpecified: ([31mΓÄ»ΓÄ»ΓÄ»Γ...»ΓÄ»ΓÄ»ΓÄ»[39m:String) [],  
   RemoteException
    + FullyQualifiedErrorId : NativeCommandError
 

[31m[1m[7m FAIL [27m[22m[39m src/App.integration.test.jsx[2m > [22mAuthentication 
App - Integration Tests[2m > [22mLogin Flow - Integration Scenarios[2m > [22mshould 
complete successful login flow with valid credentials
[31m[1m[7m FAIL [27m[22m[39m src/App.integration.test.jsx[2m > [22mAuthentication 
App - Integration Tests[2m > [22mLogin Flow - Integration Scenarios[2m > [22mshould 
handle login failure with invalid credentials
[31m[1m[7m FAIL [27m[22m[39m src/App.integration.test.jsx[2m > [22mAuthentication 
App - Integration Tests[2m > [22mLogin Flow - Integration Scenarios[2m > [22mshould 
handle server error during login attempt
[31m[1m[7m FAIL [27m[22m[39m src/App.integration.test.jsx[2m > [22mAuthentication 
App - Integration Tests[2m > [22mLogin Flow - Integration Scenarios[2m > [22mshould 
allow user to retry login after failure
[31m[1m[7m FAIL [27m[22m[39m src/App.integration.test.jsx[2m > [22mAuthentication 
App - Integration Tests[2m > [22mLogin Flow - Integration Scenarios[2m > [22mshould 
validate credentials before sending to server
[31m[1m[7m FAIL [27m[22m[39m src/App.integration.test.jsx[2m > [22mAuthentication 
App - Integration Tests[2m > [22mSign-up Flow - Integration Scenarios[2m > [22mshould 
complete successful sign-up flow with valid data
[31m[1m[7m FAIL [27m[22m[39m src/App.integration.test.jsx[2m > [22mAuthentication 
App - Integration Tests[2m > [22mSign-up Flow - Integration Scenarios[2m > [22mshould 
handle duplicate email error and allow retry with different email
[31m[1m[7m FAIL [27m[22m[39m src/App.integration.test.jsx[2m > [22mAuthentication 
App - Integration Tests[2m > [22mSign-up Flow - Integration Scenarios[2m > [22mshould 
handle validation errors on sign-up
[31m[1m[7m FAIL [27m[22m[39m src/App.integration.test.jsx[2m > [22mAuthentication 
App - Integration Tests[2m > [22mSign-up Flow - Integration Scenarios[2m > [22mshould 
redirect to login after successful sign-up
[31m[1m[7m FAIL [27m[22m[39m src/App.integration.test.jsx[2m > [22mAuthentication 
App - Integration Tests[2m > [22mSign-up Flow - Integration Scenarios[2m > [22mshould 
handle network error during sign-up
[31m[1m[7m FAIL [27m[22m[39m src/App.integration.test.jsx[2m > [22mAuthentication 
App - Integration Tests[2m > [22mComplete User Journey - Integration Scenarios[2m > 
[22mshould complete new user registration and subsequent login flow
[31m[1m[7m FAIL [27m[22m[39m src/App.integration.test.jsx[2m > [22mAuthentication 
App - Integration Tests[2m > [22mComplete User Journey - Integration Scenarios[2m > 
[22mshould handle switching between login and sign-up multiple times
[31m[1m[7m FAIL [27m[22m[39m src/App.integration.test.jsx[2m > [22mAuthentication 
App - Integration Tests[2m > [22mComplete User Journey - Integration Scenarios[2m > 
[22mshould preserve form state during navigation and clear on view switch
[31m[1m[7m FAIL [27m[22m[39m src/App.integration.test.jsx[2m > [22mAuthentication 
App - Integration Tests[2m > [22mAPI Contract - Integration Scenarios[2m > [22mshould 
send correct headers with credentials for login
[31m[1m[7m FAIL [27m[22m[39m src/App.integration.test.jsx[2m > [22mAuthentication 
App - Integration Tests[2m > [22mAPI Contract - Integration Scenarios[2m > [22mshould 
send correct headers with credentials for signup
[31m[1m[7m FAIL [27m[22m[39m src/App.integration.test.jsx[2m > [22mAuthentication 
App - Integration Tests[2m > [22mAPI Contract - Integration Scenarios[2m > [22mshould 
handle missing response data gracefully
[31m[1m[7m FAIL [27m[22m[39m src/App.integration.test.jsx[2m > [22mAuthentication 
App - Integration Tests[2m > [22mAPI Contract - Integration Scenarios[2m > [22mshould 
handle different error response formats
[31m[1m[7m FAIL [27m[22m[39m src/App.integration.test.jsx[2m > [22mAuthentication 
App - Integration Tests[2m > [22mLoading State - Integration Scenarios[2m > [22mshould 
show loading spinner and hide form during login submission
[31m[1m[7m FAIL [27m[22m[39m src/App.integration.test.jsx[2m > [22mAuthentication 
App - Integration Tests[2m > [22mLoading State - Integration Scenarios[2m > [22mshould 
show loading spinner and hide form during sign-up submission
[31m[1m[7m FAIL [27m[22m[39m src/App.integration.test.jsx[2m > [22mAuthentication 
App - Integration Tests[2m > [22mEdge Cases and Error Recovery - Integration 
Scenarios[2m > [22mshould handle rapid form submissions
[31m[1m[7m FAIL [27m[22m[39m src/App.integration.test.jsx[2m > [22mAuthentication 
App - Integration Tests[2m > [22mEdge Cases and Error Recovery - Integration 
Scenarios[2m > [22mshould handle special characters in input fields
[31m[1m[7m FAIL [27m[22m[39m src/App.integration.test.jsx[2m > [22mAuthentication 
App - Integration Tests[2m > [22mEdge Cases and Error Recovery - Integration 
Scenarios[2m > [22mshould handle very long input strings
[31m[1m[7m FAIL [27m[22m[39m src/App.integration.test.jsx[2m > [22mAuthentication 
App - Integration Tests[2m > [22mEdge Cases and Error Recovery - Integration 
Scenarios[2m > [22mshould handle whitespace-only input after trimming
[31m[1m[7m FAIL [27m[22m[39m src/App.test.jsx[2m > [22mApp Component[2m > 
[22mError Handling[2m > [22mshould reset form after successful sign-up
[31m[1m[7m FAIL [27m[22m[39m src/App.test.jsx[2m > [22mApp Component[2m > 
[22mForm Validation[2m > [22mshould have required attributes on sign-up form fields
[31m[1m[7m FAIL [27m[22m[39m src/App.test.jsx[2m > [22mApp Component[2m > 
[22mForm Validation[2m > [22mshould have email type on sign-up email field
[31m[1m[7m FAIL [27m[22m[39m src/App.test.jsx[2m > [22mApp Component[2m > [22mUI 
Elements[2m > [22mshould display login link on sign-up screen
[31m[1m[7m FAIL [27m[22m[39m src/App.test.jsx[2m > [22mApp Component[2m > [22mUI 
Elements[2m > [22mshould render all labels on sign-up form
[31m[1mError[22m: Test timed out in 10000ms.
If this is a long-running test, pass a timeout value as the last argument or configure it 
globally with "testTimeout".[39m
[31m[2mΓÄ»ΓÄ»ΓÄ»ΓÄ»ΓÄ»ΓÄ»ΓÄ»ΓÄ»ΓÄ»ΓÄ»ΓÄ»ΓÄ»ΓÄ»ΓÄ»ΓÄ»ΓÄ»ΓÄ»ΓÄ»ΓÄ»ΓÄ»ΓÄ»ΓÄ»ΓÄ»[1/32]ΓÄ»[22m
[39m

[31m[1m[7m FAIL [27m[22m[39m src/App.test.jsx[2m > [22mApp Component[2m > 
[22mLogin Form[2m > [22mshould update username input value
[31m[1mTestingLibraryElementError[22m: Found multiple elements with the display value: .

Here are the matching elements:

Ignored nodes: comments, script, style
[36m<input[31m
  [33mrequired[31m=[32m""[31m
  [33mstyle[31m=[32m"width: 170px; padding: 4px 8px; height: 28px; border-radius: 4px; 
margin-top: 4px; font-size: 15px;"[31m
  [33mtype[31m=[32m"text"[31m
  [33mvalue[31m=[32m""[31m
[36m/>[31m

Ignored nodes: comments, script, style
[36m<input[31m
  [33mrequired[31m=[32m""[31m
  [33mstyle[31m=[32m"width: 170px; padding: 4px 8px; height: 28px; border-radius: 4px; 
margin-top: 4px; font-size: 15px;"[31m
  [33mtype[31m=[32m"password"[31m
  [33mvalue[31m=[32m""[31m
[36m/>[31m

(If this is intentional, then use the `*AllBy*` variant of the query (like 
`queryAllByText`, `getAllByText`, or `findAllByText`)).

Ignored nodes: comments, script, style
[36m<body>[31m
  [36m<div>[31m
    [36m<div[31m
      [33mstyle[31m=[32m"background: transparent; display: flex; align-items: center; 
justify-content: center;"[31m
    [36m>[31m
      [36m<div[31m
        [33mstyle[31m=[32m"width: 340px; height: 340px; border-radius: 50%; background: 
rgb(162, 227, 182); display: flex; flex-direction: column; align-items: center; 
justify-content: center; box-shadow: 0 4px 24px rgba(158, 175, 205, 0.12);"[31m
      [36m>[31m
        [36m<form[31m
          [33mstyle[31m=[32m"width: 80%; display: block;"[31m
        [36m>[31m
          [36m<div[31m
            [33mstyle[31m=[32m"margin-bottom: 16px;"[31m
          [36m>[31m
            [36m<label[31m
              [33mstyle[31m=[32m"color: black;"[31m
            [36m>[31m
              [0mUsername:[0m
            [36m</label>[31m
            [36m<br />[31m
            [36m<input[31m
              [33mrequired[31m=[32m""[31m
              [33mstyle[31m=[32m"width: 170px; padding: 4px 8px; height: 28px; 
border-radius: 4px; margin-top: 4px; font-size: 15px;"[31m
              [33mtype[31m=[32m"text"[31m
              [33mvalue[31m=[32m""[31m
            [36m/>[31m
          [36m</div>[31m
          [36m<div[31m
            [33mstyle[31m=[32m"margin-bottom: 16px;"[31m
          [36m>[31m
            [36m<label[31m
              [33mstyle[31m=[32m"color: black;"[31m
            [36m>[31m
              [0mPassword:[0m
            [36m</label>[31m
            [36m<br />[31m
            [36m<input[31m
              [33mrequired[31m=[32m""[31m
              [33mstyle[31m=[32m"width: 170px; padding: 4px 8px; height: 28px; 
border-radius: 4px; margin-top: 4px; font-size: 15px;"[31m
              [33mtype[31m=[32m"password"[31m
              [33mvalue[31m=[32m""[31m
            [36m/>[31m
          [36m</div>[31m
          [36m<button[31m
            [33mstyle[31m=[32m"padding: 8px 28px; border-radius: 4px; background: 
rgb(255, 255, 255); color: rgb(21, 48, 96); font-weight: bold; cursor: pointer; width: 
auto; min-width: 80px;"[31m
            [33mtype[31m=[32m"submit"[31m
          [36m>[31m
            [0mLogin[0m
          [36m</button>[31m
        [36m</form>[31m
        [36m<div[31m
          [33mstyle[31m=[32m"margin-top: 20px; text-align: center;"[31m
        [36m>[31m
          [36m<p[31m
            [33mstyle[31m=[32m"font-size: 14px; margin: 8px 0px;"[31m
          [36m>[31m
            [0mDon't have an account?[0m
          [36m</p>[31m
          [36m<button[31m
            [33mstyle[31m=[32m"padding: 6px 16px; border-radius: 4px; background: 
rgb(21, 48, 96); color: rgb(255, 255, 255); cursor: pointer; font-size: 13px; font-weight: 
bold;"[31m
          [36m>[31m
            [0mSign Up[0m
          [36m</button>[31m
        [36m</div>[31m
      [36m</div>[31m
    [36m</div>[31m
  [36m</div>[31m
[36m</body>[31m[39m
[90m [2mΓ¥»[22m Object.getElementError 
node_modules/@testing-library/dom/dist/config.js:[2m37:19[22m[39m
[90m [2mΓ¥»[22m getElementError 
node_modules/@testing-library/dom/dist/query-helpers.js:[2m20:35[22m[39m
[90m [2mΓ¥»[22m getMultipleElementsFoundError 
node_modules/@testing-library/dom/dist/query-helpers.js:[2m23:10[22m[39m
[90m [2mΓ¥»[22m 
node_modules/@testing-library/dom/dist/query-helpers.js:[2m55:13[22m[39m
[90m [2mΓ¥»[22m 
node_modules/@testing-library/dom/dist/query-helpers.js:[2m95:19[22m[39m
[36m [2mΓ¥»[22m src/App.test.jsx:[2m27:36[22m[39m
    [90m 25| [39m      [35mconst[39m user [33m=[39m 
userEvent[33m.[39m[34msetup[39m()[33m;[39m
    [90m 26| [39m      [34mrender[39m([33m<[39m[33mApp[39m 
[33m/[39m[33m>[39m)[33m;[39m
    [90m 27| [39m      [35mconst[39m usernameInput [33m=[39m 
screen[33m.[39m[34mgetByDisplayValue[39m([32m''[39m)[33m;[39m
    [90m   | [39m                                   [31m^[39m
    [90m 28| [39m      
    [90m 29| [39m      [35mawait[39m 
user[33m.[39m[34mtype[39m(usernameInput[33m,[39m [32m'testuser'[39m)[33m;[39m

[31m[2mΓÄ»ΓÄ»ΓÄ»ΓÄ»ΓÄ»ΓÄ»ΓÄ»ΓÄ»ΓÄ»ΓÄ»ΓÄ»ΓÄ»ΓÄ»ΓÄ»ΓÄ»ΓÄ»ΓÄ»ΓÄ»ΓÄ»ΓÄ»ΓÄ»ΓÄ»ΓÄ»[2/32]ΓÄ»[22m
[39m

[31m[1m[7m FAIL [27m[22m[39m src/App.test.jsx[2m > [22mApp Component[2m > 
[22mLogin Form[2m > [22mshould show loading spinner during login submission
[31m[1mError[22m: [2mexpect([22m[31mreceived[31m[2m).not.toBeVisible()[22m

[31mreceived[31m value must be an HTMLElement or an SVGElement.
[39m
[36m [2mΓ¥»[22m src/App.test.jsx:[2m117:68[22m[39m
    [90m115| [39m      [35mawait[39m 
user[33m.[39m[34mclick[39m(loginButton)[33m;[39m
    [90m116| [39m
    [90m117| [39m      
[34mexpect[39m(screen[33m.[39m[34mqueryByRole[39m([32m'button'[39m[33m,[39m { 
name[33m:[39m [36m/login/i[39m }))[33m.[39mnot[33m.[39m[34mtoB[39mΓÇª
    [90m   | [39m                                                                   
[31m^[39m
    [90m118| [39m    })[33m;[39m
    [90m119| [39m  })[33m;[39m

[31m[2mΓÄ»ΓÄ»ΓÄ»ΓÄ»ΓÄ»ΓÄ»ΓÄ»ΓÄ»ΓÄ»ΓÄ»ΓÄ»ΓÄ»ΓÄ»ΓÄ»ΓÄ»ΓÄ»ΓÄ»ΓÄ»ΓÄ»ΓÄ»ΓÄ»ΓÄ»ΓÄ»[3/32]ΓÄ»[22m
[39m

[31m[1m[7m FAIL [27m[22m[39m src/App.test.jsx[2m > [22mApp Component[2m > 
[22mSign-up Form[2m > [22mshould update email input value
[31m[1mTestingLibraryElementError[22m[39m: Found multiple elements with the display 
value: .

Here are the matching elements:

Ignored nodes: comments, script, style
[36m<input[39m
  [33mrequired[39m=[32m""[39m
  [33mstyle[39m=[32m"width: 100%; padding: 6px 8px; height: 32px; border-radius: 4px; 
margin-top: 4px; font-size: 14px; box-sizing: border-box;"[39m
  [33mtype[39m=[32m"email"[39m
  [33mvalue[39m=[32m""[39m
[36m/>[39m

Ignored nodes: comments, script, style
[36m<input[39m
  [33mrequired[39m=[32m""[39m
  [33mstyle[39m=[32m"width: 100%; padding: 6px 8px; height: 32px; border-radius: 4px; 
margin-top: 4px; font-size: 14px; box-sizing: border-box;"[39m
  [33mtype[39m=[32m"text"[39m
  [33mvalue[39m=[32m""[39m
[36m/>[39m

Ignored nodes: comments, script, style
[36m<input[39m
  [33mrequired[39m=[32m""[39m
  [33mstyle[39m=[32m"width: 100%; padding: 6px 8px; height: 32px; border-radius: 4px; 
margin-top: 4px; font-size: 14px; box-sizing: border-box;"[39m
  [33mtype[39m=[32m"text"[39m
  [33mvalue[39m=[32m""[39m
[36m/>[39m

Ignored nodes: comments, script, style
[36m<input[39m
  [33mrequired[39m=[32m""[39m
  [33mstyle[39m=[32m"width: 100%; padding: 6px 8px; height: 32px; border-radius: 4px; 
margin-top: 4px; font-size: 14px; box-sizing: border-box;"[39m
  [33mtype[39m=[32m"password"[39m
  [33mvalue[39m=[32m""[39m
[36m/>[39m

(If this is intentional, then use the `*AllBy*` variant of the query (like 
`queryAllByText`, `getAllByText`, or `findAllByText`)).

Ignored nodes: comments, script, style
[36m<body>[39m
  [36m<div>[39m
    [36m<div[39m
      [33mstyle[39m=[32m"background: transparent; display: flex; align-items: center; 
justify-content: center;"[39m
    [36m>[39m
      [36m<div[39m
        [33mstyle[39m=[32m"width: 380px; border-radius: 12px; background: rgb(162, 227, 
182); display: flex; flex-direction: column; align-items: center; justify-content: center; 
box-shadow: 0 4px 24px rgba(158, 175, 205, 0.12); padding: 30px;"[39m
      [36m>[39m
        [36m<h2[39m
          [33mstyle[39m=[32m"color: black; margin-bottom: 20px;"[39m
        [36m>[39m
          [0mCreate Account[0m
        [36m</h2>[39m
        [36m<form[39m
          [33mstyle[39m=[32m"width: 100%; display: block;"[39m
        [36m>[39m
          [36m<div[39m
            [33mstyle[39m=[32m"margin-bottom: 14px;"[39m
          [36m>[39m
            [36m<label[39m
              [33mstyle[39m=[32m"color: black; font-size: 14px;"[39m
            [36m>[39m
              [0mEmail:[0m
            [36m</label>[39m
            [36m<br />[39m
            [36m<input[39m
              [33mrequired[39m=[32m""[39m
              [33mstyle[39m=[32m"width: 100%; padding: 6px 8px; height: 32px; 
border-radius: 4px; margin-top: 4px; font-size: 14px; box-sizing: border-box;"[39m
              [33mtype[39m=[32m"email"[39m
              [33mvalue[39m=[32m""[39m
            [36m/>[39m
          [36m</div>[39m
          [36m<div[39m
            [33mstyle[39m=[32m"margin-bottom: 14px;"[39m
          [36m>[39m
            [36m<label[39m
              [33mstyle[39m=[32m"color: black; font-size: 14px;"[39m
            [36m>[39m
              [0mFirst Name:[0m
            [36m</label>[39m
            [36m<br />[39m
            [36m<input[39m
              [33mrequired[39m=[32m""[39m
              [33mstyle[39m=[32m"width: 100%; padding: 6px 8px; height: 32px; 
border-radius: 4px; margin-top: 4px; font-size: 14px; box-sizing: border-box;"[39m
              [33mtype[39m=[32m"text"[39m
              [33mvalue[39m=[32m""[39m
            [36m/>[39m
          [36m</div>[39m
          [36m<div[39m
            [33mstyle[39m=[32m"margin-bottom: 14px;"[39m
          [36m>[39m
            [36m<label[39m
              [33mstyle[39m=[32m"color: black; font-size: 14px;"[39m
            [36m>[39m
              [0mLast Name:[0m
            [36m</label>[39m
            [36m<br />[39m
            [36m<input[39m
              [33mrequired[39m=[32m""[39m
              [33mstyle[39m=[32m"width: 100%; padding: 6px 8px; height: 32px; 
border-radius: 4px; margin-top: 4px; font-size: 14px; box-sizing: border-box;"[39m
              [33mtype[39m=[32m"text"[39m
              [33mvalue[39m=[32m""[39m
            [36m/>[39m
          [36m</div>[39m
          [36m<div[39m
            [33mstyle[39m=[32m"margin-bottom: 20px;"[39m
          [36m>[39m
            [36m<label[39m
              [33mstyle[39m=[32m"color: black; font-size: 14px;"[39m
            [36m>[39m
              [0mPassword:[0m
            [36m</label>[39m
            [36m<br />[39m
            [36m<input[39m
              [33mrequired[39m=[32m""[39m
              [33mstyle[39m=[32m"width: 100%; padding: 6px 8px; height: 32px; 
border-radius: 4px; margin-top: 4px; font-size: 14px; box-sizing: border-box;"[39m
              [33mtype[39m=[32m"password"[39m
              [33mvalue[39m=[32m""[39m
            [36m/>[39m
          [36m</div>[39m
          [36m<button[39m
            [33mstyle[39m=[32m"padding: 8px 28px; border-radius: 4px; background: 
rgb(255, 255, 255); color: rgb(21, 48, 96); font-weight: bold; cursor: pointer; width: 
100%;"[39m
            [33mtype[39m=[32m"submit"[39m
          [36m>[39m
            [0mRegister[0m
          [36m</button>[39m
        [36m</form>[39m
        [36m<div[39m
          [33mstyle[39m=[32m"margin-top: 20px; text-align: center;"[39m
        [36m>[39m
          [36m<p[39m
            [33mstyle[39m=[32m"font-size: 14px; margin: 8px 0px; color: black;"[39m
          [36m>[39m
            [0mAlready have an account?[0m
          [36m</p>[39m
          [36m<button[39m
            [33mstyle[39m=[32m"padding: 6px 16px; border-radius: 4px; background: 
rgb(21, 48, 96); color: rgb(255, 255, 255); cursor: pointer; font-size: 13px; font-weight: 
bold;"[39m
          [36m>[39m
            [0mLog In[0m
          [36m</button>[39m
        [36m</div>[39m
      [36m</div>[39m
    [36m</div>[39m
  [36m</div>[39m
[36m</body>[39m
[90m [2mΓ¥»[22m Object.getElementError 
node_modules/@testing-library/dom/dist/config.js:[2m37:19[22m[39m
[90m [2mΓ¥»[22m getElementError 
node_modules/@testing-library/dom/dist/query-helpers.js:[2m20:35[22m[39m
[90m [2mΓ¥»[22m getMultipleElementsFoundError 
node_modules/@testing-library/dom/dist/query-helpers.js:[2m23:10[22m[39m
[90m [2mΓ¥»[22m 
node_modules/@testing-library/dom/dist/query-helpers.js:[2m55:13[22m[39m
[90m [2mΓ¥»[22m 
node_modules/@testing-library/dom/dist/query-helpers.js:[2m95:19[22m[39m
[36m [2mΓ¥»[22m src/App.test.jsx:[2m144:33[22m[39m
    [90m142| [39m      [35mawait[39m 
user[33m.[39m[34mclick[39m(signUpButton)[33m;[39m
    [90m143| [39m
    [90m144| [39m      [35mconst[39m emailInput [33m=[39m 
screen[33m.[39m[34mgetByDisplayValue[39m([32m''[39m)[33m;[39m
    [90m   | [39m                                [31m^[39m
    [90m145| [39m      [35mawait[39m 
user[33m.[39m[34mtype[39m(emailInput[33m,[39m [32m'test@example.com'[39m)[33m;[39m
    [90m146| [39m      [34mexpect[39m(emailInput[33m.[39mvalue)[33m.[39m[34mtoBe[3
9m([32m'test@example.com'[39m)[33m;[39m

[31m[2mΓÄ»ΓÄ»ΓÄ»ΓÄ»ΓÄ»ΓÄ»ΓÄ»ΓÄ»ΓÄ»ΓÄ»ΓÄ»ΓÄ»ΓÄ»ΓÄ»ΓÄ»ΓÄ»ΓÄ»ΓÄ»ΓÄ»ΓÄ»ΓÄ»ΓÄ»ΓÄ»[4/32]ΓÄ»[22m
[39m

[31m[1m[7m FAIL [27m[22m[39m src/App.test.jsx[2m > [22mApp Component[2m > 
[22mSign-up Form[2m > [22mshould show loading spinner during sign-up submission
[31m[1mError[22m: [2mexpect([22m[31mreceived[31m[2m).not.toBeVisible()[22m

[31mreceived[31m value must be an HTMLElement or an SVGElement.
[39m
[36m [2mΓ¥»[22m src/App.test.jsx:[2m260:71[22m[39m
    [90m258| [39m      [35mawait[39m 
user[33m.[39m[34mclick[39m(registerButton)[33m;[39m
    [90m259| [39m
    [90m260| [39m      
[34mexpect[39m(screen[33m.[39m[34mqueryByRole[39m([32m'button'[39m[33m,[39m { 
name[33m:[39m [36m/register/i[39m }))[33m.[39mnot[33m.[39mΓÇª
    [90m   | [39m                                                                      
[31m^[39m
    [90m261| [39m    })[33m;[39m
    [90m262| [39m  })[33m;[39m

[31m[2mΓÄ»ΓÄ»ΓÄ»ΓÄ»ΓÄ»ΓÄ»ΓÄ»ΓÄ»ΓÄ»ΓÄ»ΓÄ»ΓÄ»ΓÄ»ΓÄ»ΓÄ»ΓÄ»ΓÄ»ΓÄ»ΓÄ»ΓÄ»ΓÄ»ΓÄ»ΓÄ»[5/32]ΓÄ»[22m
[39m

[2m Test Files [22m [1m[31m2 failed[39m[22m[90m (2)[39m
[2m      Tests [22m [1m[31m32 failed[39m[22m[2m | [22m[1m[32m24 passed[39m[22m[90m (56)[39m
[2m   Start at [22m 13:04:01
[2m   Duration [22m 232.89s[2m (transform 163ms, setup 721ms, collect 502ms, tests 294.70s, environment 1.35s, prepare 495ms)[22m

